// Jest Snapshot v1, https://goo.gl/fbAQLP

exports[`matches snapshot 1`] = `
<DocumentFragment>
  <div
    class="TodoList"
  >
    <h3>
      TO DO LIST:
    </h3>
    <form>
      <label
        for="todo"
      >
        Todo Name:
      </label>
      <input
        id="todo"
        name="todo"
        placeholder="Todo Name"
        type="text"
        value=""
      />
      <button>
        Add Todo
      </button>
    </form>
    <ul />
  </div>
</DocumentFragment>
`;
